// Vitest Snapshot v1, https://vitest.dev/guide/snapshot.html

exports[`纯标注：除 origin 外的输出逐字不变 > 全部场景的 actions / rows / counts / 守恒 / 下架复核 1`] = `
[
  [
    "认领搬入",
    {
      "actions": [
        {
          "basis": "authority:L750",
          "dstDir": "/lib/付费",
          "episode": "750.探秘人体特殊实验",
          "kind": "move",
          "src": {
            "durationS": 1000,
            "name": "750.探秘人体特殊实验.mp3",
            "path": "/src/750.探秘人体特殊实验.mp3",
            "size": 104857600,
          },
        },
      ],
      "authority": {
        "entries": 2,
        "needsSupply": 0,
        "paid": 0,
        "withDuration": 2,
      },
      "conservation": true,
      "counts": {
        "claimed": 1,
        "copy": 0,
        "dup": 0,
        "exempt": 0,
        "hold": 0,
        "input": 1,
        "offline": 0,
      },
      "rows": [
        {
          "action": "move:/lib/付费",
          "basis": "authority:L750",
          "durationS": 1000,
          "episode": "750.探秘人体特殊实验",
          "explain": undefined,
          "path": "/src/750.探秘人体特殊实验.mp3",
          "size": 104857600,
          "verdict": "claimed",
        },
      ],
      "secondaryReview": {
        "checked": 0,
        "rows": [],
      },
    },
  ],
  [
    "免费集副本判删",
    {
      "actions": [
        {
          "basis": "redundant-free:LF",
          "episode": "600.免费那一集",
          "kind": "delete-redundant",
          "src": {
            "durationS": 1500,
            "name": "600.免费那一集.mp3",
            "path": "/src/600.免费那一集.mp3",
            "size": 104857600,
          },
        },
      ],
      "authority": {
        "entries": 1,
        "needsSupply": 0,
        "paid": 0,
        "withDuration": 1,
      },
      "conservation": true,
      "counts": {
        "claimed": 1,
        "copy": 0,
        "dup": 0,
        "exempt": 0,
        "hold": 0,
        "input": 1,
        "offline": 0,
      },
      "rows": [
        {
          "action": "delete-redundant",
          "basis": "redundant-free:LF",
          "durationS": 1500,
          "episode": "600.免费那一集",
          "explain": undefined,
          "path": "/src/600.免费那一集.mp3",
          "size": 104857600,
          "verdict": "claimed",
        },
      ],
      "secondaryReview": {
        "checked": 0,
        "rows": [],
      },
    },
  ],
  [
    "同集其余份",
    {
      "actions": [
        {
          "basis": "authority:L037",
          "dstDir": "/lib/付费/玄关笔记",
          "episode": "37.申与酉",
          "kind": "move",
          "src": {
            "durationS": 6043,
            "name": "37.申与酉.mp3",
            "path": "/lib/付费/37.申与酉.mp3",
            "size": 1047527424,
          },
        },
        {
          "basis": "quality-loser-of:/lib/付费/37.申与酉.mp3",
          "compare": {
            "authorityDurationS": 6043,
            "candidates": [
              {
                "durationS": 6044,
                "inLib": false,
                "path": "/src/37.申与酉.mp3",
                "size": 104857600,
              },
              {
                "durationS": 6043,
                "inLib": true,
                "path": "/lib/付费/37.申与酉.mp3",
                "size": 1047527424,
              },
            ],
          },
          "episode": "37.申与酉",
          "keptPath": "/lib/付费/37.申与酉.mp3",
          "kind": "delete-loser",
          "src": {
            "durationS": 6044,
            "name": "37.申与酉.mp3",
            "path": "/src/37.申与酉.mp3",
            "size": 104857600,
          },
        },
      ],
      "authority": {
        "entries": 2,
        "needsSupply": 0,
        "paid": 0,
        "withDuration": 2,
      },
      "conservation": true,
      "counts": {
        "claimed": 2,
        "copy": 1,
        "dup": 0,
        "exempt": 0,
        "hold": 0,
        "input": 3,
        "offline": 0,
      },
      "rows": [
        {
          "action": "none",
          "basis": "authority:L756",
          "durationS": 6043,
          "episode": "756.先来的那一集",
          "explain": undefined,
          "path": "/lib/付费/756.先来的那一集.mp3",
          "size": 1047527424,
          "verdict": "claimed",
        },
        {
          "action": "move:/lib/付费/玄关笔记",
          "basis": "authority:L037",
          "durationS": 6043,
          "episode": "37.申与酉",
          "explain": undefined,
          "path": "/lib/付费/37.申与酉.mp3",
          "size": 1047527424,
          "verdict": "claimed",
        },
        {
          "action": "delete:/lib/付费/37.申与酉.mp3",
          "basis": "same-episode-copy:L037",
          "durationS": 6044,
          "episode": "37.申与酉",
          "explain": undefined,
          "path": "/src/37.申与酉.mp3",
          "size": 104857600,
          "verdict": "copy",
        },
      ],
      "secondaryReview": {
        "checked": 0,
        "rows": [],
      },
    },
  ],
  [
    "集侧问句 duration-collision",
    {
      "actions": [
        {
          "collidesWith": "L454",
          "compare": {
            "authorityDurationS": 2605,
            "candidates": [
              {
                "durationS": 2605,
                "inLib": false,
                "path": "/src/601.毫不相干的一集.mp3",
                "size": 104857600,
              },
            ],
          },
          "episode": "454.现代版枪下留人",
          "kind": "pending",
          "pendingKind": "duration-collision",
          "reason": "时长与「454.现代版枪下留人」对得上，名字的相似度却没过地板线（不是毫无关系，是没到能直接认下来的程度）——长音频撞时长很常见，这点证据不足以判定是同一集。是这一集的另一版就换正主，不是就挪去下架。",
          "src": {
            "durationS": 2605,
            "name": "601.毫不相干的一集.mp3",
            "path": "/src/601.毫不相干的一集.mp3",
            "size": 104857600,
          },
        },
      ],
      "authority": {
        "entries": 2,
        "needsSupply": 0,
        "paid": 0,
        "withDuration": 2,
      },
      "conservation": true,
      "counts": {
        "claimed": 0,
        "copy": 0,
        "dup": 0,
        "exempt": 0,
        "hold": 0,
        "input": 1,
        "offline": 1,
      },
      "rows": [
        {
          "action": "pending:duration-collision",
          "basis": "ambiguous:name-floor:L454",
          "durationS": 2605,
          "explain": undefined,
          "path": "/src/601.毫不相干的一集.mp3",
          "size": 104857600,
          "verdict": "offline",
        },
      ],
      "secondaryReview": {
        "checked": 0,
        "rows": [],
      },
    },
  ],
  [
    "文件侧冲突卡",
    {
      "actions": [
        {
          "compare": {
            "candidates": [
              {
                "durationS": 6044,
                "inLib": true,
                "path": "/lib/付费/玄关笔记/37.申与酉.mp3",
                "size": 242221056,
              },
              {
                "durationS": 2041,
                "inLib": false,
                "path": "/src/玄关笔记/37.申与酉【公众号】.mp3",
                "size": 32505856,
              },
              {
                "durationS": 6044,
                "inLib": true,
                "path": "/lib/付费/756.大家都焦虑的这么具体了吗？.mp3",
                "size": 96468992,
              },
            ],
          },
          "conflictsWith": [
            "L037",
            "L756",
          ],
          "kind": "pending",
          "pendingKind": "evidence-conflict",
          "reason": "证据指向 2 个集：《37.申与酉》(epnum=37·名字全等·时长矛盾)、《756.大家都焦虑的这么具体了吗？》(时长命中·名字 sim 0.00)——机器分不出它属于哪一集，本轮不搬不删，等人裁。",
          "src": {
            "durationS": 6044,
            "name": "37.申与酉.mp3",
            "path": "/lib/付费/玄关笔记/37.申与酉.mp3",
            "size": 242221056,
          },
        },
        {
          "blockedBy": "/lib/付费/玄关笔记/37.申与酉.mp3",
          "episode": "37.申与酉",
          "kind": "pending",
          "pendingKind": "swap-hold",
          "reason": "目标货架已有同集文件（37.申与酉.mp3）——默认不重复（步 4），等那份裁决/腾空后下一轮自然落位",
          "src": {
            "durationS": 2041,
            "name": "37.申与酉【公众号】.mp3",
            "path": "/src/玄关笔记/37.申与酉【公众号】.mp3",
            "size": 32505856,
          },
        },
      ],
      "authority": {
        "entries": 2,
        "needsSupply": 0,
        "paid": 2,
        "withDuration": 2,
      },
      "conservation": true,
      "counts": {
        "claimed": 2,
        "copy": 0,
        "dup": 0,
        "exempt": 0,
        "hold": 0,
        "input": 3,
        "offline": 1,
      },
      "rows": [
        {
          "action": "none",
          "basis": "authority:L756",
          "durationS": 6044,
          "episode": "756.大家都焦虑的这么具体了吗？",
          "explain": undefined,
          "path": "/lib/付费/756.大家都焦虑的这么具体了吗？.mp3",
          "size": 96468992,
          "verdict": "claimed",
        },
        {
          "action": "pending:evidence-conflict",
          "basis": "evidence-conflict:L037,L756",
          "durationS": 6044,
          "explain": undefined,
          "path": "/lib/付费/玄关笔记/37.申与酉.mp3",
          "size": 242221056,
          "verdict": "offline",
        },
        {
          "action": "pending:swap-hold",
          "basis": "authority:L037",
          "durationS": 2041,
          "episode": "37.申与酉",
          "explain": undefined,
          "path": "/src/玄关笔记/37.申与酉【公众号】.mp3",
          "size": 32505856,
          "verdict": "claimed",
        },
      ],
      "secondaryReview": {
        "checked": 0,
        "rows": [],
      },
    },
  ],
  [
    "文件侧冲突卡 + 人已答全",
    {
      "actions": [
        {
          "basis": "decision:not-episode:L037,L756",
          "dstDir": "/lib/下架",
          "kind": "move",
          "src": {
            "durationS": 6044,
            "name": "37.申与酉.mp3",
            "path": "/lib/付费/玄关笔记/37.申与酉.mp3",
            "size": 242221056,
          },
        },
        {
          "blockedBy": "/lib/付费/玄关笔记/37.申与酉.mp3",
          "episode": "37.申与酉",
          "kind": "pending",
          "pendingKind": "swap-hold",
          "reason": "目标货架已有同集文件（37.申与酉.mp3）——默认不重复（步 4），等那份裁决/腾空后下一轮自然落位",
          "src": {
            "durationS": 2041,
            "name": "37.申与酉【公众号】.mp3",
            "path": "/src/玄关笔记/37.申与酉【公众号】.mp3",
            "size": 32505856,
          },
        },
      ],
      "authority": {
        "entries": 2,
        "needsSupply": 0,
        "paid": 2,
        "withDuration": 2,
      },
      "conservation": true,
      "counts": {
        "claimed": 2,
        "copy": 0,
        "dup": 0,
        "exempt": 0,
        "hold": 0,
        "input": 3,
        "offline": 1,
      },
      "rows": [
        {
          "action": "none",
          "basis": "authority:L756",
          "durationS": 6044,
          "episode": "756.大家都焦虑的这么具体了吗？",
          "explain": undefined,
          "path": "/lib/付费/756.大家都焦虑的这么具体了吗？.mp3",
          "size": 96468992,
          "verdict": "claimed",
        },
        {
          "action": "move:/lib/下架",
          "basis": "decision:not-episode:L037,L756",
          "durationS": 6044,
          "explain": undefined,
          "path": "/lib/付费/玄关笔记/37.申与酉.mp3",
          "size": 242221056,
          "verdict": "offline",
        },
        {
          "action": "pending:swap-hold",
          "basis": "authority:L037",
          "durationS": 2041,
          "episode": "37.申与酉",
          "explain": undefined,
          "path": "/src/玄关笔记/37.申与酉【公众号】.mp3",
          "size": 32505856,
          "verdict": "claimed",
        },
      ],
      "secondaryReview": {
        "checked": 0,
        "rows": [],
      },
    },
  ],
  [
    "集侧问句 + 人已答",
    {
      "actions": [
        {
          "basis": "decision:not-episode:L756",
          "dstDir": "/lib/下架",
          "kind": "move",
          "src": {
            "durationS": 6044,
            "name": "37.申与酉.mp3",
            "path": "/lib/付费/玄关笔记/37.申与酉.mp3",
            "size": 242221056,
          },
        },
        {
          "blockedBy": "/lib/付费/玄关笔记/37.申与酉.mp3",
          "episode": "37.申与酉",
          "kind": "pending",
          "pendingKind": "swap-hold",
          "reason": "目标货架已有同集文件（37.申与酉.mp3）——默认不重复（步 4），等那份裁决/腾空后下一轮自然落位",
          "src": {
            "durationS": 2041,
            "name": "37.申与酉【公众号】.mp3",
            "path": "/src/玄关笔记/37.申与酉【公众号】.mp3",
            "size": 32505856,
          },
        },
      ],
      "authority": {
        "entries": 2,
        "needsSupply": 0,
        "paid": 2,
        "withDuration": 2,
      },
      "conservation": true,
      "counts": {
        "claimed": 1,
        "copy": 0,
        "dup": 0,
        "exempt": 0,
        "hold": 0,
        "input": 2,
        "offline": 1,
      },
      "rows": [
        {
          "action": "move:/lib/下架",
          "basis": "decision:not-episode:L756",
          "durationS": 6044,
          "explain": undefined,
          "path": "/lib/付费/玄关笔记/37.申与酉.mp3",
          "size": 242221056,
          "verdict": "offline",
        },
        {
          "action": "pending:swap-hold",
          "basis": "authority:L037",
          "durationS": 2041,
          "episode": "37.申与酉",
          "explain": undefined,
          "path": "/src/玄关笔记/37.申与酉【公众号】.mp3",
          "size": 32505856,
          "verdict": "claimed",
        },
      ],
      "secondaryReview": {
        "checked": 0,
        "rows": [],
      },
    },
  ],
  [
    "候选全免费 → 不出卡直接删",
    {
      "actions": [
        {
          "basis": "redundant-free-candidates:L037,L038",
          "candidateEpisodes": [
            "037.三谈身边灵异事",
            "038.四谈身边灵异事",
          ],
          "kind": "delete-redundant",
          "src": {
            "durationS": 3000,
            "name": "37.申与酉.mp3",
            "path": "/src/玄关笔记/37.申与酉.mp3",
            "size": 104857600,
          },
        },
      ],
      "authority": {
        "entries": 2,
        "needsSupply": 0,
        "paid": 0,
        "withDuration": 2,
      },
      "conservation": true,
      "counts": {
        "claimed": 0,
        "copy": 0,
        "dup": 0,
        "exempt": 0,
        "hold": 0,
        "input": 1,
        "offline": 1,
      },
      "rows": [
        {
          "action": "delete-redundant",
          "basis": "redundant-free-candidates:L037,L038",
          "durationS": 3000,
          "explain": undefined,
          "path": "/src/玄关笔记/37.申与酉.mp3",
          "size": 104857600,
          "verdict": "offline",
        },
      ],
      "secondaryReview": {
        "checked": 0,
        "rows": [],
      },
    },
  ],
  [
    "残差下架",
    {
      "actions": [
        {
          "basis": "no-duration-hit:777s",
          "dstDir": "/lib/下架",
          "kind": "move",
          "src": {
            "durationS": 777,
            "name": "092.穿衣服.mp3",
            "path": "/src/092.穿衣服.mp3",
            "size": 104857600,
          },
        },
      ],
      "authority": {
        "entries": 2,
        "needsSupply": 0,
        "paid": 0,
        "withDuration": 2,
      },
      "conservation": true,
      "counts": {
        "claimed": 0,
        "copy": 0,
        "dup": 0,
        "exempt": 0,
        "hold": 0,
        "input": 1,
        "offline": 1,
      },
      "rows": [
        {
          "action": "move:/lib/下架",
          "basis": "no-duration-hit:777s",
          "durationS": 777,
          "explain": undefined,
          "path": "/src/092.穿衣服.mp3",
          "size": 104857600,
          "verdict": "offline",
        },
      ],
      "secondaryReview": {
        "checked": 0,
        "rows": [],
      },
    },
  ],
  [
    "时长未探到",
    {
      "actions": [
        {
          "kind": "pending",
          "pendingKind": "no-duration",
          "reason": "时长还没探到（本轮预算用尽或探测失败）——下轮续探",
          "src": {
            "durationS": undefined,
            "name": "092.穿衣服.mp3",
            "path": "/src/092.穿衣服.mp3",
            "size": 104857600,
          },
        },
      ],
      "authority": {
        "entries": 2,
        "needsSupply": 0,
        "paid": 0,
        "withDuration": 2,
      },
      "conservation": true,
      "counts": {
        "claimed": 0,
        "copy": 0,
        "dup": 0,
        "exempt": 0,
        "hold": 1,
        "input": 1,
        "offline": 0,
      },
      "rows": [
        {
          "action": "pending:no-duration",
          "basis": "no-duration",
          "explain": undefined,
          "path": "/src/092.穿衣服.mp3",
          "size": 104857600,
          "verdict": "hold",
        },
      ],
      "secondaryReview": {
        "checked": 0,
        "rows": [],
      },
    },
  ],
  [
    "字节全等重复",
    {
      "actions": [
        {
          "basis": "size-dup-of:/lib/付费/600.那一集.mp3",
          "compare": {
            "candidates": [
              {
                "durationS": 1500,
                "inLib": false,
                "path": "/src/600.那一集.mp3",
                "size": 104857600,
              },
              {
                "durationS": 1500,
                "inLib": true,
                "path": "/lib/付费/600.那一集.mp3",
                "size": 104857600,
              },
            ],
          },
          "dupOf": "/lib/付费/600.那一集.mp3",
          "episode": "600.那一集",
          "kind": "delete-dup",
          "src": {
            "durationS": 1500,
            "name": "600.那一集.mp3",
            "path": "/src/600.那一集.mp3",
            "size": 104857600,
          },
        },
      ],
      "authority": {
        "entries": 1,
        "needsSupply": 0,
        "paid": 0,
        "withDuration": 1,
      },
      "conservation": true,
      "counts": {
        "claimed": 1,
        "copy": 0,
        "dup": 1,
        "exempt": 0,
        "hold": 0,
        "input": 2,
        "offline": 0,
      },
      "rows": [
        {
          "action": "delete:/lib/付费/600.那一集.mp3",
          "basis": "size-dup-of:/lib/付费/600.那一集.mp3",
          "durationS": 1500,
          "explain": undefined,
          "path": "/src/600.那一集.mp3",
          "size": 104857600,
          "verdict": "dup",
        },
        {
          "action": "none",
          "basis": "authority:L600",
          "durationS": 1500,
          "episode": "600.那一集",
          "explain": undefined,
          "path": "/lib/付费/600.那一集.mp3",
          "size": 104857600,
          "verdict": "claimed",
        },
      ],
      "secondaryReview": {
        "checked": 0,
        "rows": [],
      },
    },
  ],
  [
    "人工豁免",
    {
      "actions": [],
      "authority": {
        "entries": 2,
        "needsSupply": 0,
        "paid": 0,
        "withDuration": 2,
      },
      "conservation": true,
      "counts": {
        "claimed": 0,
        "copy": 0,
        "dup": 0,
        "exempt": 1,
        "hold": 0,
        "input": 1,
        "offline": 0,
      },
      "rows": [
        {
          "action": "none",
          "basis": "decision:exempt",
          "durationS": 777,
          "explain": undefined,
          "path": "/src/092.穿衣服.mp3",
          "size": 104857600,
          "verdict": "exempt",
        },
      ],
      "secondaryReview": {
        "checked": 0,
        "rows": [],
      },
    },
  ],
  [
    "下架复核：回流",
    {
      "actions": [
        {
          "basis": "relisted:LP",
          "dstDir": "/lib/付费",
          "episode": "801.付费那一集",
          "kind": "move",
          "src": {
            "durationS": 1600,
            "name": "801.付费那一集.mp3",
            "path": "/lib/下架/801.付费那一集.mp3",
            "size": 104857600,
          },
        },
      ],
      "authority": {
        "entries": 1,
        "needsSupply": 0,
        "paid": 1,
        "withDuration": 1,
      },
      "conservation": true,
      "counts": {
        "claimed": 0,
        "copy": 0,
        "dup": 0,
        "exempt": 0,
        "hold": 0,
        "input": 0,
        "offline": 0,
      },
      "rows": [],
      "secondaryReview": {
        "checked": 1,
        "rows": [
          {
            "action": "move:/lib/付费",
            "basis": "relisted:LP",
            "durationS": 1600,
            "episode": "801.付费那一集",
            "explain": undefined,
            "path": "/lib/下架/801.付费那一集.mp3",
            "size": 104857600,
            "verdict": "claimed",
          },
        ],
      },
    },
  ],
  [
    "下架复核：货架副本",
    {
      "actions": [
        {
          "basis": "shelf-copy-of:/lib/付费/801.付费那一集.mp3",
          "compare": {
            "authorityDurationS": 1600,
            "candidates": [
              {
                "durationS": 1600,
                "inLib": false,
                "path": "/lib/下架/801.付费那一集（补档）.mp3",
                "size": 104857600,
              },
              {
                "durationS": 1600,
                "inLib": true,
                "path": "/lib/付费/801.付费那一集.mp3",
                "size": 209715200,
              },
            ],
          },
          "episode": "801.付费那一集",
          "keptPath": "/lib/付费/801.付费那一集.mp3",
          "kind": "delete-loser",
          "src": {
            "durationS": 1600,
            "name": "801.付费那一集（补档）.mp3",
            "path": "/lib/下架/801.付费那一集（补档）.mp3",
            "size": 104857600,
          },
        },
      ],
      "authority": {
        "entries": 1,
        "needsSupply": 0,
        "paid": 1,
        "withDuration": 1,
      },
      "conservation": true,
      "counts": {
        "claimed": 1,
        "copy": 0,
        "dup": 0,
        "exempt": 0,
        "hold": 0,
        "input": 1,
        "offline": 0,
      },
      "rows": [
        {
          "action": "none",
          "basis": "authority:LP",
          "durationS": 1600,
          "episode": "801.付费那一集",
          "explain": undefined,
          "path": "/lib/付费/801.付费那一集.mp3",
          "size": 209715200,
          "verdict": "claimed",
        },
      ],
      "secondaryReview": {
        "checked": 1,
        "rows": [
          {
            "action": "delete:/lib/付费/801.付费那一集.mp3",
            "basis": "shelf-copy-of:/lib/付费/801.付费那一集.mp3",
            "durationS": 1600,
            "episode": "801.付费那一集",
            "explain": undefined,
            "path": "/lib/下架/801.付费那一集（补档）.mp3",
            "size": 104857600,
            "verdict": "copy",
          },
        ],
      },
    },
  ],
  [
    "下架复核：免费集",
    {
      "actions": [
        {
          "basis": "redundant-free:LF",
          "episode": "600.免费那一集",
          "kind": "delete-redundant",
          "src": {
            "durationS": 1500,
            "name": "600.免费那一集.mp3",
            "path": "/lib/下架/600.免费那一集.mp3",
            "size": 104857600,
          },
        },
      ],
      "authority": {
        "entries": 1,
        "needsSupply": 0,
        "paid": 0,
        "withDuration": 1,
      },
      "conservation": true,
      "counts": {
        "claimed": 0,
        "copy": 0,
        "dup": 0,
        "exempt": 0,
        "hold": 0,
        "input": 0,
        "offline": 0,
      },
      "rows": [],
      "secondaryReview": {
        "checked": 1,
        "rows": [
          {
            "action": "delete-redundant",
            "basis": "redundant-free:LF",
            "durationS": 1500,
            "episode": "600.免费那一集",
            "explain": undefined,
            "path": "/lib/下架/600.免费那一集.mp3",
            "size": 104857600,
            "verdict": "claimed",
          },
        ],
      },
    },
  ],
  [
    "目录熔断",
    {
      "actions": [
        {
          "kind": "pending",
          "pendingKind": "suspect-dir",
          "reason": "目录疑似认领错误：/src/别的播客 内 6/6 个文件认不出属于本节目——确认无误可逐条裁决。原判定：move:/lib/下架",
          "src": {
            "durationS": 701,
            "name": "无关1.mp3",
            "path": "/src/别的播客/无关1.mp3",
            "size": 105906176,
          },
          "suspect": {
            "bad": 6,
            "dir": "/src/别的播客",
            "priorVerdict": "move:/lib/下架",
            "total": 6,
          },
        },
        {
          "kind": "pending",
          "pendingKind": "suspect-dir",
          "reason": "目录疑似认领错误：/src/别的播客 内 6/6 个文件认不出属于本节目——确认无误可逐条裁决。原判定：move:/lib/下架",
          "src": {
            "durationS": 702,
            "name": "无关2.mp3",
            "path": "/src/别的播客/无关2.mp3",
            "size": 106954752,
          },
          "suspect": {
            "bad": 6,
            "dir": "/src/别的播客",
            "priorVerdict": "move:/lib/下架",
            "total": 6,
          },
        },
        {
          "kind": "pending",
          "pendingKind": "suspect-dir",
          "reason": "目录疑似认领错误：/src/别的播客 内 6/6 个文件认不出属于本节目——确认无误可逐条裁决。原判定：move:/lib/下架",
          "src": {
            "durationS": 703,
            "name": "无关3.mp3",
            "path": "/src/别的播客/无关3.mp3",
            "size": 108003328,
          },
          "suspect": {
            "bad": 6,
            "dir": "/src/别的播客",
            "priorVerdict": "move:/lib/下架",
            "total": 6,
          },
        },
        {
          "kind": "pending",
          "pendingKind": "suspect-dir",
          "reason": "目录疑似认领错误：/src/别的播客 内 6/6 个文件认不出属于本节目——确认无误可逐条裁决。原判定：move:/lib/下架",
          "src": {
            "durationS": 704,
            "name": "无关4.mp3",
            "path": "/src/别的播客/无关4.mp3",
            "size": 109051904,
          },
          "suspect": {
            "bad": 6,
            "dir": "/src/别的播客",
            "priorVerdict": "move:/lib/下架",
            "total": 6,
          },
        },
        {
          "kind": "pending",
          "pendingKind": "suspect-dir",
          "reason": "目录疑似认领错误：/src/别的播客 内 6/6 个文件认不出属于本节目——确认无误可逐条裁决。原判定：move:/lib/下架",
          "src": {
            "durationS": 705,
            "name": "无关5.mp3",
            "path": "/src/别的播客/无关5.mp3",
            "size": 110100480,
          },
          "suspect": {
            "bad": 6,
            "dir": "/src/别的播客",
            "priorVerdict": "move:/lib/下架",
            "total": 6,
          },
        },
        {
          "kind": "pending",
          "pendingKind": "suspect-dir",
          "reason": "目录疑似认领错误：/src/别的播客 内 6/6 个文件认不出属于本节目——确认无误可逐条裁决。原判定：move:/lib/下架",
          "src": {
            "durationS": 706,
            "name": "无关6.mp3",
            "path": "/src/别的播客/无关6.mp3",
            "size": 111149056,
          },
          "suspect": {
            "bad": 6,
            "dir": "/src/别的播客",
            "priorVerdict": "move:/lib/下架",
            "total": 6,
          },
        },
      ],
      "authority": {
        "entries": 2,
        "needsSupply": 0,
        "paid": 0,
        "withDuration": 2,
      },
      "conservation": true,
      "counts": {
        "claimed": 0,
        "copy": 0,
        "dup": 0,
        "exempt": 0,
        "hold": 0,
        "input": 6,
        "offline": 6,
      },
      "rows": [
        {
          "action": "pending:suspect-dir",
          "basis": "no-duration-hit:701s",
          "durationS": 701,
          "explain": undefined,
          "path": "/src/别的播客/无关1.mp3",
          "size": 105906176,
          "verdict": "offline",
        },
        {
          "action": "pending:suspect-dir",
          "basis": "no-duration-hit:702s",
          "durationS": 702,
          "explain": undefined,
          "path": "/src/别的播客/无关2.mp3",
          "size": 106954752,
          "verdict": "offline",
        },
        {
          "action": "pending:suspect-dir",
          "basis": "no-duration-hit:703s",
          "durationS": 703,
          "explain": undefined,
          "path": "/src/别的播客/无关3.mp3",
          "size": 108003328,
          "verdict": "offline",
        },
        {
          "action": "pending:suspect-dir",
          "basis": "no-duration-hit:704s",
          "durationS": 704,
          "explain": undefined,
          "path": "/src/别的播客/无关4.mp3",
          "size": 109051904,
          "verdict": "offline",
        },
        {
          "action": "pending:suspect-dir",
          "basis": "no-duration-hit:705s",
          "durationS": 705,
          "explain": undefined,
          "path": "/src/别的播客/无关5.mp3",
          "size": 110100480,
          "verdict": "offline",
        },
        {
          "action": "pending:suspect-dir",
          "basis": "no-duration-hit:706s",
          "durationS": 706,
          "explain": undefined,
          "path": "/src/别的播客/无关6.mp3",
          "size": 111149056,
          "verdict": "offline",
        },
      ],
      "secondaryReview": {
        "checked": 0,
        "rows": [],
      },
    },
  ],
  [
    "没有第二货架（影视）",
    {
      "actions": [],
      "authority": {
        "entries": 2,
        "needsSupply": 0,
        "paid": 0,
        "withDuration": 2,
      },
      "conservation": true,
      "counts": {
        "claimed": 0,
        "copy": 0,
        "dup": 0,
        "exempt": 0,
        "hold": 0,
        "input": 1,
        "offline": 1,
      },
      "rows": [
        {
          "action": "none",
          "basis": "no-duration-hit:777s no-secondary-shelf",
          "durationS": 777,
          "explain": undefined,
          "path": "/src/092.穿衣服.mp3",
          "size": 104857600,
          "verdict": "offline",
        },
      ],
      "secondaryReview": {
        "checked": 0,
        "rows": [],
      },
    },
  ],
]
`;
